// Jest Snapshot v1, https://goo.gl/fbAQLP

exports[`TokenLogo renders without error 1`] = `
<View
  style={
    {
      "alignItems": "center",
      "flexDirection": "column",
      "height": 40,
      "justifyContent": "center",
      "width": 40,
    }
  }
  testID="token-logo"
>
  <Image
    resizeMode="contain"
    source={
      {
        "uri": "https://example.com",
      }
    }
    style={
      [
        {
          "backgroundColor": "#2222220D",
          "borderColor": "#2222220D",
          "borderRadius": 20,
          "borderWidth": 0.5,
          "height": 40,
          "width": 40,
        },
      ]
    }
    testID="token-image"
  />
  <View
    style={
      {
        "borderBottomColor": "#FFFFFF",
        "borderBottomLeftRadius": 8,
        "borderBottomRightRadius": 8,
        "borderBottomWidth": 2,
        "borderLeftColor": "#FFFFFF",
        "borderLeftWidth": 2,
        "borderRightColor": "#FFFFFF",
        "borderRightWidth": 2,
        "borderStyle": "solid",
        "borderTopColor": "#FFFFFF",
        "borderTopLeftRadius": 8,
        "borderTopRightRadius": 8,
        "borderTopWidth": 2,
        "bottom": -2,
        "flexDirection": "column",
        "position": "absolute",
        "right": -3,
      }
    }
  >
    <View
      style={
        {
          "borderColor": "#FFFFFF",
          "borderRadius": 6,
          "flexDirection": "column",
          "overflow": "hidden",
        }
      }
      testID="network-logo"
    >
      <Image
        resizeMode="contain"
        source={
          {
            "process": [Function],
          }
        }
        style={
          {
            "height": 16,
            "width": 16,
          }
        }
      />
    </View>
  </View>
</View>
`;
