// Jest Snapshot v1, https://goo.gl/fbAQLP

exports[`ProviderConnectedView should render the component and call callbacks 1`] = `
.c0 {
  color: #7D7D7D;
  cursor: pointer;
  -webkit-text-decoration: none;
  text-decoration: none;
  cursor: pointer;
  -webkit-transition-duration: 125ms;
  transition-duration: 125ms;
}

.c0:hover {
  opacity: 0.6;
}

.c0:active {
  opacity: 0.4;
}

.c1 {
  -webkit-text-decoration: none;
  text-decoration: none;
  cursor: pointer;
  -webkit-transition-duration: 125ms;
  transition-duration: 125ms;
  color: #FC72FF;
  stroke: #FC72FF;
  font-weight: 500;
}

.c1:hover {
  opacity: 0.6;
}

.c1:active {
  opacity: 0.4;
}

.c2 {
  font-weight: 535;
  color: #CECECE;
}

<span
  class=""
  style="display: contents;"
>
  <span
    class=" _dsp_contents"
  >
    <span
      class=" t_light _dsp_contents is_Theme"
    >
      <div
        class="_pr-_sm_1481558245 _pl-_sm_1481558245 _pb-_sm_1481558183 _display-flex _alignItems-stretch _flexBasis-auto _boxSizing-border-box _minHeight-0px _minWidth-0px _flexShrink-0 _flexDirection-column _gap-1481558183 _position-relative"
      >
        <svg
          style="position: absolute; z-index: 0; color: rgb(125, 125, 125);"
        >
          for-connecting-v2.svg
        </svg>
        <div
          class="_display-flex _alignItems-stretch _flexBasis-auto _boxSizing-border-box _minHeight-0px _minWidth-0px _flexShrink-0 _flexDirection-column _position-absolute _zIndex-1 _width-10037 _height-10037 _top-0px _left-0px _background-737631841"
        />
        <div
          class="_display-flex _flexBasis-auto _boxSizing-border-box _position-relative _minHeight-0px _minWidth-0px _flexShrink-0 _flexDirection-1448970769 _alignItems-center _justifyContent-441309761 _zIndex-2"
        >
          <svg
            class="c0"
            data-testid="ConnectingViewWrapper-close"
            fill="none"
            height="24"
            stroke="currentColor"
            stroke-linecap="round"
            stroke-linejoin="round"
            stroke-width="2"
            viewBox="0 0 24 24"
            width="24"
            xmlns="http://www.w3.org/2000/svg"
          >
            <line
              x1="18"
              x2="6"
              y1="6"
              y2="18"
            />
            <line
              x1="6"
              x2="18"
              y1="6"
              y2="18"
            />
          </svg>
        </div>
        <div
          class="_display-flex _alignItems-stretch _flexBasis-auto _boxSizing-border-box _position-relative _minHeight-0px _minWidth-0px _flexShrink-0 _flexDirection-column _mt-1316330269 _zIndex-2 _width-10037 _height-10037"
        >
          <div
            class="_display-flex _flexBasis-auto _boxSizing-border-box _position-relative _minHeight-0px _minWidth-0px _flexShrink-0 _flexDirection-column _alignItems-center _gap-1316330300"
          >
            <div
              class="_display-flex _flexBasis-auto _boxSizing-border-box _position-relative _minHeight-0px _minWidth-0px _flexShrink-0 _flexDirection-column _alignItems-center _gap-1316330145"
            >
              <img
                height="120"
                src="test-provider-logo-light"
                style="background-color: rgb(255, 239, 248); border-radius: 20px; height: 90px; width: 90px;"
                width="120"
              />
              <div
                class="_display-flex _flexBasis-auto _boxSizing-border-box _position-relative _minHeight-0px _minWidth-0px _flexShrink-0 _flexDirection-column _alignItems-center _gap-1481558245"
              >
                <span
                  class="font_subHeading _display-inline _boxSizing-border-box _whiteSpace-pre-wrap _mt-0px _mr-0px _mb-0px _ml-0px _color-843134974 _fontFamily-299667014 _wordWrap-break-word _fontSize-229441158 _lineHeight-222976511 _fontWeight-233016140"
                  data-disable-theme="true"
                >
                  Complete transaction with Test Provider
                </span>
                <span
                  class="font_body _display-inline _boxSizing-border-box _whiteSpace-pre-wrap _mt-0px _mr-0px _mb-0px _ml-0px _color-843135005 _fontFamily-299667014 _wordWrap-break-word _fontSize-229441189 _lineHeight-222976542 _fontWeight-233016202 _textAlign-center"
                  data-disable-theme="true"
                >
                  Go to the Test Provider tab to continue. It’s safe to close this modal now.
                </span>
              </div>
            </div>
            <span
              class="font_body _display-inline _boxSizing-border-box _whiteSpace-pre-wrap _mt-0px _mr-0px _mb-0px _ml-0px _color-843135036 _fontFamily-299667014 _wordWrap-break-word _fontSize-229441127 _lineHeight-222976480 _fontWeight-233016202 _textAlign-center"
              data-disable-theme="true"
            >
              By continuing, you acknowledge that you’ll be subject to the 
              <a
                class="c1 c2"
                color="#CECECE"
                href="https://uniswap.org/terms-of-service/"
                rel="noopener noreferrer"
                target="_blank"
              >
                Terms of Service
              </a>
               and 
              <a
                class="c1 c2"
                color="#CECECE"
                href="https://uniswap.org/privacy-policy"
                rel="noopener noreferrer"
                target="_blank"
              >
                Privacy Policy
              </a>
               with Test Provider, as applicable.
            </span>
          </div>
        </div>
      </div>
    </span>
  </span>
</span>
`;
