// Jest Snapshot v1, https://goo.gl/fbAQLP

exports[`renders wallet preview card 1`] = `
<View
  cancelable={true}
  disabled={false}
  focusable={true}
  hitSlop={[Function]}
  minPressDuration={0}
  onBlur={[Function]}
  onFocus={[Function]}
  onMouseEnter={[Function]}
  onMouseLeave={[Function]}
  onPress={[Function]}
  onPressIn={[Function]}
  onPressOut={[Function]}
  style={
    {
      "backgroundColor": "#FFFFFF",
      "borderBottomColor": "rgba(34,34,34,0.05)",
      "borderBottomLeftRadius": 20,
      "borderBottomRightRadius": 20,
      "borderBottomWidth": 1,
      "borderLeftColor": "rgba(34,34,34,0.05)",
      "borderLeftWidth": 1,
      "borderRightColor": "rgba(34,34,34,0.05)",
      "borderRightWidth": 1,
      "borderStyle": "solid",
      "borderTopColor": "rgba(34,34,34,0.05)",
      "borderTopLeftRadius": 20,
      "borderTopRightRadius": 20,
      "borderTopWidth": 1,
      "flexDirection": "column",
      "height": 72,
      "opacity": 1,
      "paddingBottom": 12,
      "paddingLeft": 12,
      "paddingRight": 12,
      "paddingTop": 12,
      "shadowColor": "rgb(0,0,0)",
      "shadowOffset": {
        "height": 0,
        "width": 0,
      },
      "shadowOpacity": 0.05,
      "shadowRadius": 8,
      "transform": [
        {
          "scale": 1,
        },
      ],
    }
  }
>
  <View
    style={
      {
        "alignContent": "center",
        "alignItems": "center",
        "flex": 1,
        "flexDirection": "row",
        "justifyContent": "space-between",
      }
    }
  >
    <View
      onLayout={[Function]}
      style={
        {
          "alignItems": "center",
          "flexDirection": "row",
          "flexShrink": 1,
          "gap": 12,
        }
      }
    >
      <View
        style={
          {
            "backgroundColor": "transparent",
            "borderBottomColor": "transparent",
            "borderBottomLeftRadius": 999999,
            "borderBottomRightRadius": 999999,
            "borderBottomWidth": 0,
            "borderLeftColor": "transparent",
            "borderLeftWidth": 0,
            "borderRightColor": "transparent",
            "borderRightWidth": 0,
            "borderStyle": "solid",
            "borderTopColor": "transparent",
            "borderTopLeftRadius": 999999,
            "borderTopRightRadius": 999999,
            "borderTopWidth": 0,
            "flexDirection": "column",
            "position": "relative",
          }
        }
        testID="account-icon"
      >
        <svg
          height={36}
          viewBox="0 0 36 36"
          width={36}
          xmlns="http://www.w3.org/2000/svg"
        >
          <g
            style={
              {
                "transformOrigin": "center center",
              }
            }
          >
            <circle
              cx={18}
              cy={18}
              fill="#00C3A01F"
              r={18}
            />
            <g
              transform="translate(6, 6) scale(0.5)"
            >
              <path
                clipRule="evenodd"
                d="M20.9454 0.0175773C22.4936 -0.167833 23.763 1.13917 23.763 2.72944V21.3625C23.763 22.9527 22.4993 24.2419 20.9405 24.2419L2.67549 24.2419C1.11665 24.2419 -0.16452 22.9469 0.0172307 21.3675C1.30306 10.1936 9.99222 1.32931 20.9454 0.0175773Z"
                fill="#00C3A0"
                fillRule="evenodd"
              />
              <path
                clipRule="evenodd"
                d="M27.0546 47.9824C25.5064 48.1678 24.237 46.8608 24.237 45.2706V26.6375C24.237 25.0473 25.5007 23.7581 27.0595 23.7581L45.3245 23.7581C46.8833 23.7581 48.1645 25.0531 47.9828 26.6325C46.6969 37.8064 38.0078 46.6707 27.0546 47.9824Z"
                fill="#00C3A0"
                fillRule="evenodd"
              />
            </g>
          </g>
        </svg>
      </View>
      <View
        style={
          {
            "alignItems": "flex-start",
            "flexDirection": "column",
            "flexShrink": 1,
            "gap": 0,
          }
        }
      >
        <View
          style={
            {
              "alignItems": "center",
              "flexDirection": "row",
              "gap": 12,
              "justifyContent": "center",
            }
          }
        >
          <View
            style={
              {
                "alignItems": "center",
                "flexDirection": "row",
                "gap": 4,
                "justifyContent": "center",
              }
            }
          >
            <Text
              adjustsFontSizeToFit={true}
              allowFontScaling={false}
              ellipsizeMode="tail"
              maxFontSizeMultiplier={1.4}
              numberOfLines={1}
              style={
                {
                  "color": "#222222",
                  "flexShrink": 1,
                  "fontFamily": "Basel Grotesk",
                  "fontSize": 18,
                  "fontWeight": "400",
                  "lineHeight": 24,
                  "overflow": "hidden",
                }
              }
              suppressHighlighting={true}
              testID="address-display/name/0x​82D5...3Fa6"
            >
              0x​82D5...3Fa6
            </Text>
          </View>
        </View>
      </View>
    </View>
    <View
      style={
        {
          "flexDirection": "row",
          "gap": 8,
          "paddingLeft": 4,
          "paddingRight": 4,
        }
      }
    >
      <RNSVGSvgView
        align="xMidYMid"
        bbHeight={20}
        bbWidth={20}
        focusable={false}
        meetOrSlice={0}
        minX={0}
        minY={0}
        strokeWidth={8}
        style={
          [
            {
              "backgroundColor": "transparent",
              "borderWidth": 0,
            },
            {
              "color": "#FC72FF",
              "height": 20,
              "width": 20,
            },
            {
              "flex": 0,
              "height": 20,
              "width": 20,
            },
          ]
        }
        tintColor="#FC72FF"
        vbHeight={16}
        vbWidth={16}
      >
        <RNSVGGroup
          fill={
            {
              "payload": 4278190080,
              "type": 0,
            }
          }
          propList={
            [
              "strokeWidth",
            ]
          }
          strokeWidth={8}
        >
          <RNSVGGroup
            fill={null}
            fillRule={0}
            propList={
              [
                "fill",
                "fillRule",
                "stroke",
                "strokeWidth",
              ]
            }
            stroke={
              {
                "type": 2,
              }
            }
            strokeWidth="1"
          >
            <RNSVGGroup
              fill={
                {
                  "type": 2,
                }
              }
              fillRule={1}
              matrix={
                [
                  1,
                  0,
                  0,
                  1,
                  2.5,
                  4,
                ]
              }
              propList={
                [
                  "fill",
                  "fillRule",
                ]
              }
            >
              <RNSVGPath
                d="M3.55465821,8 L3.55845321,8 C3.81525468,8 4.06231429,7.90333333 4.24468713,7.73073333 L10.7152208,1.57625328 C11.0949264,1.21600661 11.0949264,0.630565273 10.7152208,0.270319937 C10.3358589,-0.0901993995 9.72233481,-0.0901067328 9.34311041,0.270598603 L3.5641182,5.76674665 L1.66220743,3.9297133 C1.28548552,3.56584663 0.671967663,3.5625933 0.290128011,3.9193333 C-0.0925957655,4.27689997 -0.097102321,4.86150664 0.27920159,5.22497331 L2.86726929,7.7248 C3.04881026,7.9002 3.29572549,7.99906667 3.55465821,8 Z"
                fill={
                  {
                    "payload": 4278190080,
                    "type": 0,
                  }
                }
              />
            </RNSVGGroup>
          </RNSVGGroup>
        </RNSVGGroup>
      </RNSVGSvgView>
    </View>
  </View>
</View>
`;
