// Jest Snapshot v1, https://goo.gl/fbAQLP

exports[`NotSupportedNetworkNotification renders without error 1`] = `
<View
  collapsable={false}
  forwardedRef={[Function]}
  handlerTag={1}
  handlerType="FlingGestureHandler"
  jestAnimatedStyle={
    {
      "value": {
        "transform": [
          {
            "translateY": -150,
          },
        ],
      },
    }
  }
  onGestureHandlerEvent={[Function]}
  pointerEvents="box-none"
  style={
    {
      "alignItems": "center",
      "borderBottomLeftRadius": 24,
      "borderBottomRightRadius": 24,
      "borderTopLeftRadius": 24,
      "borderTopRightRadius": 24,
      "flexDirection": "column",
      "justifyContent": "center",
      "position": "absolute",
      "top": 0,
      "transform": [
        {
          "translateY": -150,
        },
      ],
      "width": "100%",
      "zIndex": 1060,
    }
  }
>
  <View
    style={
      {
        "borderBottomColor": "#2222220D",
        "borderBottomLeftRadius": 24,
        "borderBottomRightRadius": 24,
        "borderBottomWidth": 1,
        "borderLeftColor": "#2222220D",
        "borderLeftWidth": 1,
        "borderRightColor": "#2222220D",
        "borderRightWidth": 1,
        "borderStyle": "solid",
        "borderTopColor": "#2222220D",
        "borderTopLeftRadius": 24,
        "borderTopRightRadius": 24,
        "borderTopWidth": 1,
        "flexDirection": "column",
        "marginLeft": 24,
        "marginRight": 24,
        "shadowColor": "rgb(0,0,0)",
        "shadowOffset": {
          "height": 2,
          "width": 0,
        },
        "shadowOpacity": 0.07,
        "shadowRadius": 8,
      }
    }
  >
    <View
      cancelable={true}
      disabled={false}
      focusable={true}
      hitSlop={[Function]}
      minPressDuration={0}
      onBlur={[Function]}
      onFocus={[Function]}
      onMouseEnter={[Function]}
      onMouseLeave={[Function]}
      onPress={[Function]}
      onPressIn={[Function]}
      onPressOut={[Function]}
      style={
        {
          "alignItems": "center",
          "backgroundColor": "#F9F9F9",
          "borderBottomLeftRadius": 24,
          "borderBottomRightRadius": 24,
          "borderTopLeftRadius": 24,
          "borderTopRightRadius": 24,
          "flex": 1,
          "flexDirection": "row",
          "minHeight": 64,
          "opacity": 1,
          "paddingBottom": 16,
          "paddingLeft": 16,
          "paddingRight": 16,
          "paddingTop": 16,
          "transform": [
            {
              "scale": 1,
            },
          ],
        }
      }
    >
      <View
        style={
          {
            "alignItems": "center",
            "flexDirection": "row",
            "gap": 8,
            "justifyContent": "space-between",
            "width": "100%",
          }
        }
      >
        <View
          style={
            {
              "alignItems": "center",
              "flexBasis": "100%",
              "flexDirection": "row",
              "flexShrink": 1,
              "gap": 12,
              "justifyContent": "flex-start",
            }
          }
        >
          <RNSVGSvgView
            align="xMidYMid"
            bbHeight="36"
            bbWidth="36"
            fill="currentColor"
            focusable={false}
            meetOrSlice={0}
            minX={0}
            minY={0}
            strokeWidth={8}
            style={
              [
                {
                  "backgroundColor": "transparent",
                  "borderWidth": 0,
                },
                {
                  "color": "#7D7D7D",
                  "height": 36,
                  "width": 36,
                },
                {
                  "flex": 0,
                  "height": 36,
                  "width": 36,
                },
              ]
            }
            tintColor="#7D7D7D"
            vbHeight={24}
            vbWidth={24}
          >
            <RNSVGGroup
              fill={
                {
                  "type": 2,
                }
              }
              propList={
                [
                  "fill",
                  "strokeWidth",
                ]
              }
              strokeWidth="8"
            >
              <RNSVGPath
                d="M21.6074 17.1522L15.0004 4.79599C13.7204 2.40199 10.2814 2.40199 9.00042 4.79599L2.39349 17.1522C1.21949 19.3482 2.81353 22.0001 5.30853 22.0001H18.6923C21.1863 22.0001 22.7814 19.3472 21.6074 17.1522ZM11.2504 10.0001C11.2504 9.58609 11.5864 9.25009 12.0004 9.25009C12.4144 9.25009 12.7504 9.58609 12.7504 10.0001V14.0001C12.7504 14.4141 12.4144 14.7501 12.0004 14.7501C11.5864 14.7501 11.2504 14.4141 11.2504 14.0001V10.0001ZM12.0204 18.0001C11.4684 18.0001 11.0153 17.5521 11.0153 17.0001C11.0153 16.4481 11.4584 16.0001 12.0104 16.0001H12.0204C12.5734 16.0001 13.0204 16.4481 13.0204 17.0001C13.0204 17.5521 12.5724 18.0001 12.0204 18.0001Z"
                fill={
                  {
                    "type": 2,
                  }
                }
                propList={
                  [
                    "fill",
                  ]
                }
              />
            </RNSVGGroup>
          </RNSVGSvgView>
          <View
            style={
              {
                "alignItems": "flex-start",
                "flexDirection": "column",
                "flexShrink": 1,
              }
            }
          >
            <Text
              adjustsFontSizeToFit={true}
              allowFontScaling={false}
              maxFontSizeMultiplier={1.4}
              numberOfLines={2}
              style={
                {
                  "color": "#222222",
                  "fontFamily": "Basel-Book",
                  "fontSize": 16,
                  "lineHeight": 24,
                }
              }
              suppressHighlighting={true}
            >
              This network is not yet supported. More coming soon!
            </Text>
          </View>
        </View>
      </View>
    </View>
  </View>
</View>
`;
